// Jest Snapshot v1, https://goo.gl/fbAQLP

exports[`Settings Block renders the correct markup 1`] = `
<section
  class="settings no-animate"
>
  <div
    class="settings-header"
  >
    <h4>
      <div
        data-testid="title-slot"
      />
    </h4>
     
    <button
      class="btn"
      data-testid="expand-button"
    >
      
      Expand
    
    </button>
     
    <p>
      <div
        data-testid="description-slot"
      />
    </p>
  </div>
   
  <div
    class="settings-content"
  >
    <div
      data-testid="default-slot"
    />
  </div>
</section>
`;
