// Jest Snapshot v1, https://goo.gl/fbAQLP

exports[`TimeMetricsCard Recent activity renders the Recent activity metric 1`] = `
"<div>
  <gl-single-stat-stub title=\\"New Issues\\" value=\\"4\\" unit=\\"\\" variant=\\"muted\\" shouldanimate=\\"true\\" animationdecimalplaces=\\"0\\" class=\\"gl-pr-6\\"></gl-single-stat-stub>
  <gl-single-stat-stub title=\\"Deploys\\" value=\\"-\\" unit=\\"\\" variant=\\"muted\\" shouldanimate=\\"true\\" animationdecimalplaces=\\"0\\" class=\\"gl-pr-6\\"></gl-single-stat-stub>
  <gl-single-stat-stub title=\\"Deployment Frequency\\" value=\\"-\\" unit=\\"per day\\" variant=\\"muted\\" shouldanimate=\\"true\\" animationdecimalplaces=\\"0\\" class=\\"gl-pr-6\\"></gl-single-stat-stub>
</div>"
`;

exports[`TimeMetricsCard Time summary renders the Time summary metric 1`] = `
"<div>
  <gl-single-stat-stub title=\\"Lead Time\\" value=\\"4.5\\" unit=\\"days\\" variant=\\"muted\\" shouldanimate=\\"true\\" animationdecimalplaces=\\"0\\" class=\\"gl-pr-6\\"></gl-single-stat-stub>
  <gl-single-stat-stub title=\\"Cycle Time\\" value=\\"3.0\\" unit=\\"days\\" variant=\\"muted\\" shouldanimate=\\"true\\" animationdecimalplaces=\\"0\\" class=\\"gl-pr-6\\"></gl-single-stat-stub>
</div>"
`;
