// Jest Snapshot v1, https://goo.gl/fbAQLP

exports[`Metrics upload item render the metrics image component 1`] = `
<gl-card-stub
  bodyclass="border-top,gl-pl-5,gl-pt-5,[object Object]"
  class="collapsible-card border gl-p-0 gl-mb-5"
  footerclass=""
  headerclass="d-flex align-items-center border-bottom-0 gl-py-3"
>
   
  <div
    class="gl-display-flex gl-flex-wrap"
    data-testid="metric-image-body"
  >
    <img
      class="gl-w-full"
      src="test_file_path"
    />
  </div>
</gl-card-stub>
`;
