// Jest Snapshot v1, https://goo.gl/fbAQLP

exports[`PipelineFailed should display correctly 1`] = `
<div
  class="mr-widget-body media"
>
  <status-icon-stub
    showdisabledbutton="true"
    status="warning"
  />
   
  <div
    class="media-body space-children"
  >
    <span
      class="bold"
    >
      
      The pipeline for this merge request did not complete. Push a new commit to fix the failure or refer to documentation to see the recommended action based on the pipeline type.
      
      <gl-link-stub
        class="gl-ml-2"
        href=""
        target="_blank"
      >
        <gl-icon-stub
          name="question"
          size="16"
        />
      </gl-link-stub>
    </span>
  </div>
</div>
`;
