// Jest Snapshot v1, https://goo.gl/fbAQLP

exports[`ScanExecutionPolicy component supported YAML renders policy preview tabs 1`] = `
<div
  value="apiVersion: cilium.io/v2
kind: CiliumNetworkPolicy
description: test description
metadata:
  name: test-policy
spec:
  endpointSelector:
    matchLabels:
      network-policy.gitlab.com/disabled_by: gitlab
"
>
  <h5
    class="gl-mt-3"
  >
    Type
  </h5>
   
  <p>
    Scan execution
  </p>
   
  <div>
    <policy-info-row-stub
      data-testid="description"
      label="Description"
    >
      test description
    </policy-info-row-stub>
     
    <!---->
     
    <!---->
     
    <policy-info-row-stub
      label="Enforcement status"
    >
      Disabled
    </policy-info-row-stub>
     
    <!---->
  </div>
</div>
`;

exports[`ScanExecutionPolicy component unsupported YAML renders policy preview tabs 1`] = `
<div
  value="unsupportedPrimaryKey: test"
>
  <h5
    class="gl-mt-3"
  >
    Type
  </h5>
   
  <p>
    Scan execution
  </p>
   
</div>
`;
