// Jest Snapshot v1, https://goo.gl/fbAQLP

exports[`MergeCommitsExportButton component Layout matches the snapshot 1`] = `
<div>
  <gl-dropdown-stub
    category="tertiary"
    headertext=""
    size="medium"
    split="true"
    text=""
    variant="default"
  >
     
    <gl-dropdown-form-stub>
      <gl-form-stub
        action="/merge_commit_reports"
        method="GET"
      >
        <gl-form-group-stub
          invalid-feedback="Invalid hash"
          label="Merge commit SHA"
          label-for="merge-commits-export-custody-report"
          label-size="sm"
        >
          <gl-form-input-stub
            debounce="500"
            id="merge-commits-export-custody-report"
            name="commit_sha"
          />
        </gl-form-group-stub>
         
        <gl-button-stub
          buttontextclasses=""
          category="primary"
          data-test-id="merge-commit-submit-button"
          disabled="true"
          icon=""
          size="medium"
          type="submit"
          variant="success"
        >
          Export commit custody report
        </gl-button-stub>
      </gl-form-stub>
    </gl-dropdown-form-stub>
  </gl-dropdown-stub>
   
  <!---->
</div>
`;
